// Jest Snapshot v1, https://goo.gl/fbAQLP

exports[`Smoke test 1`] = `
"<div class=\\"activist-card-wrap\\"><div><div class=\\"activist-card \\" style=\\"color: rgba(0, 0, 0, 0.87); background-color: rgb(255, 255, 255); box-sizing: border-box; font-family: Roboto, sans-serif; box-shadow: 0 1px 6px rgba(0, 0, 0, 0.12),
         0 1px 4px rgba(0, 0, 0, 0.12); border-radius: 2px; z-index: 1;\\"><div style=\\"padding-bottom: 0px;\\"><div style=\\"padding: 16px; font-weight: 500; box-sizing: border-box; position: relative; white-space: nowrap;\\"><div size=\\"40\\" class=\\"rank-undefined\\" style=\\"color: rgb(255, 255, 255); background-color: rgb(188, 188, 188); display: inline-flex; font-size: 20px; border-radius: 50%; height: 40px; width: 40px; margin-right: 16px;\\"></div><div style=\\"display: inline-block; vertical-align: top; white-space: normal; padding-right: 90px;\\"><span style=\\"color: rgba(0, 0, 0, 0.87); display: block; font-size: 15px;\\"></span><span style=\\"color: rgba(0, 0, 0, 0.54); display: block; font-size: 14px;\\"></span></div></div></div></div></div></div>"
`;
