// Jest Snapshot v1, https://goo.gl/fbAQLP

exports[`Smoke test 1`] = `"<div class=\\"card-wrap\\"><div class=\\"card \\"><div class=\\"react-contextmenu-wrapper\\"><div class=\\"right\\"><div class=\\"rank rank-undefined\\"></div><div class=\\"react-contextmenu-wrapper\\"><button class=\\"options\\"><i class=\\"fa fa-ellipsis-v\\"></i></button></div></div><div class=\\"name\\"><input type=\\"checkbox\\" value=\\"checked\\"><script></script></div><div class=\\"email\\"></div></div></div><nav role=\\"menu\\" tabindex=\\"-1\\" class=\\"react-contextmenu\\" style=\\"position: fixed; opacity: 0; pointer-events: none;\\"><div class=\\"react-contextmenu-item\\" role=\\"menuitem\\" tabindex=\\"-1\\" aria-disabled=\\"false\\">Mark as No-Show</div><div class=\\"react-contextmenu-item\\" role=\\"menuitem\\" tabindex=\\"-1\\" aria-disabled=\\"false\\">Mark as Cancelled</div></nav></div>"`;
