// Jest Snapshot v1, https://goo.gl/fbAQLP

exports[`Smoke test 1`] = `"<div><!-- react-empty: 2 --><!-- react-empty: 3 --><!-- react-empty: 4 --><!-- react-empty: 5 --><footer><div class=\\"row\\"><div class=\\"small-6 columns\\"><p>Made with ❤ in Oakland, CA</p></div><div class=\\"small-6 columns\\" style=\\"text-align: right;\\"><p><a href=\\"\\"><i class=\\"fa fa-lock\\"></i><!-- react-text: 14 --> Login<!-- /react-text --></a></p></div></div></footer></div>"`;
